// Jest Snapshot v1, https://goo.gl/fbAQLP

exports[`TodoAddItem renders properly 1`] = `
ShallowWrapper {
  Symbol(enzyme.__root__): [Circular],
  Symbol(enzyme.__unrendered__): <TodoAddItem />,
  Symbol(enzyme.__renderer__): Object {
    "batchedUpdates": [Function],
    "getNode": [Function],
    "render": [Function],
    "simulateError": [Function],
    "simulateEvent": [Function],
    "unmount": [Function],
  },
  Symbol(enzyme.__node__): Object {
    "instance": null,
    "key": undefined,
    "nodeType": "host",
    "props": Object {
      "children": Array [
        <TextField
          label="Title"
          onChange={[Function]}
          required={false}
          select={false}
          value=""
          variant="standard"
        />,
        <WithStyles(Button)
          color="primary"
          onClick={[Function]}
          variant="extendedFab"
        >
           
          Add
           
        </WithStyles(Button)>,
      ],
    },
    "ref": null,
    "rendered": Array [
      Object {
        "instance": null,
        "key": undefined,
        "nodeType": "class",
        "props": Object {
          "label": "Title",
          "onChange": [Function],
          "required": false,
          "select": false,
          "value": "",
          "variant": "standard",
        },
        "ref": null,
        "rendered": null,
        "type": [Function],
      },
      Object {
        "instance": null,
        "key": undefined,
        "nodeType": "class",
        "props": Object {
          "children": Array [
            " ",
            "Add",
            " ",
          ],
          "color": "primary",
          "onClick": [Function],
          "variant": "extendedFab",
        },
        "ref": null,
        "rendered": Array [
          " ",
          "Add",
          " ",
        ],
        "type": [Function],
      },
    ],
    "type": "div",
  },
  Symbol(enzyme.__nodes__): Array [
    Object {
      "instance": null,
      "key": undefined,
      "nodeType": "host",
      "props": Object {
        "children": Array [
          <TextField
            label="Title"
            onChange={[Function]}
            required={false}
            select={false}
            value=""
            variant="standard"
          />,
          <WithStyles(Button)
            color="primary"
            onClick={[Function]}
            variant="extendedFab"
          >
             
            Add
             
          </WithStyles(Button)>,
        ],
      },
      "ref": null,
      "rendered": Array [
        Object {
          "instance": null,
          "key": undefined,
          "nodeType": "class",
          "props": Object {
            "label": "Title",
            "onChange": [Function],
            "required": false,
            "select": false,
            "value": "",
            "variant": "standard",
          },
          "ref": null,
          "rendered": null,
          "type": [Function],
        },
        Object {
          "instance": null,
          "key": undefined,
          "nodeType": "class",
          "props": Object {
            "children": Array [
              " ",
              "Add",
              " ",
            ],
            "color": "primary",
            "onClick": [Function],
            "variant": "extendedFab",
          },
          "ref": null,
          "rendered": Array [
            " ",
            "Add",
            " ",
          ],
          "type": [Function],
        },
      ],
      "type": "div",
    },
  ],
  Symbol(enzyme.__options__): Object {
    "adapter": ReactSixteenAdapter {
      "options": Object {
        "enableComponentDidUpdateOnSetState": true,
        "lifecycles": Object {
          "componentDidUpdate": Object {
            "onSetState": true,
          },
          "getDerivedStateFromProps": true,
          "getSnapshotBeforeUpdate": true,
          "setState": Object {
            "skipsComponentDidUpdateOnNullish": true,
          },
        },
      },
    },
  },
}
`;
